/home/ed/prg/java/edgrind/src/edgrind/IntEdit.java
/home/ed/prg/java/edgrind/src/edgrind/Wheel.java
/home/ed/prg/java/edgrind/src/edgrind/error/package-info.java
/home/ed/prg/java/edgrind/src/edgrind/error/EdError.java
/home/ed/prg/java/edgrind/src/edgrind/error/ZeroError.java
/home/ed/prg/java/edgrind/src/edgrind/error/EMDataError.java
/home/ed/prg/java/edgrind/src/edgrind/error/IllegalArgumentError.java
/home/ed/prg/java/edgrind/src/edgrind/error/OutOfRangeError.java
/home/ed/prg/java/edgrind/src/edgrind/error/IllegalStateError.java
/home/ed/prg/java/edgrind/src/edgrind/error/BadSpecError.java
/home/ed/prg/java/edgrind/src/edgrind/error/NotImplementedError.java
/home/ed/prg/java/edgrind/src/edgrind/error/DimConfigError.java
/home/ed/prg/java/edgrind/src/edgrind/Dict.java
/home/ed/prg/java/edgrind/src/edgrind/DBChangeListener.java
/home/ed/prg/java/edgrind/src/edgrind/WheelPack.java
/home/ed/prg/java/edgrind/src/edgrind/MainFrame.java
/home/ed/prg/java/edgrind/src/edgrind/Chuck.java
/home/ed/prg/java/edgrind/src/edgrind/LineEdit.java
/home/ed/prg/java/edgrind/src/edgrind/BGColor.java
/home/ed/prg/java/edgrind/src/edgrind/ContourPanel.java
/home/ed/prg/java/edgrind/src/edgrind/EdGrind.java
/home/ed/prg/java/edgrind/src/edgrind/OperationPanel.java
/home/ed/prg/java/edgrind/src/edgrind/WheelConfigPanel.java
/home/ed/prg/java/edgrind/src/edgrind/Util.java
/home/ed/prg/java/edgrind/src/edgrind/EdGrindType.java
/home/ed/prg/java/edgrind/src/edgrind/Collet.java
/home/ed/prg/java/edgrind/src/edgrind/Resource.java
/home/ed/prg/java/edgrind/src/edgrind/ChuckPanel.java
/home/ed/prg/java/edgrind/src/edgrind/ColletPanel.java
/home/ed/prg/java/edgrind/src/edgrind/sketch/NannPBSketch.java
/home/ed/prg/java/edgrind/src/edgrind/sketch/OrdinateDim.java
/home/ed/prg/java/edgrind/src/edgrind/sketch/package-info.java
/home/ed/prg/java/edgrind/src/edgrind/sketch/SK50Sketch.java
/home/ed/prg/java/edgrind/src/edgrind/sketch/W1V1Sketch.java
/home/ed/prg/java/edgrind/src/edgrind/sketch/WeldonFlatSketch.java
/home/ed/prg/java/edgrind/src/edgrind/sketch/SketchScene.java
/home/ed/prg/java/edgrind/src/edgrind/sketch/SketchSpecsListener.java
/home/ed/prg/java/edgrind/src/edgrind/sketch/SketchDim.java
/home/ed/prg/java/edgrind/src/edgrind/sketch/W11V5Sketch.java
/home/ed/prg/java/edgrind/src/edgrind/sketch/SpindownSketch.java
/home/ed/prg/java/edgrind/src/edgrind/sketch/W1F1Sketch.java
/home/ed/prg/java/edgrind/src/edgrind/sketch/AGraphicsView.java
/home/ed/prg/java/edgrind/src/edgrind/sketch/DimEdit.java
/home/ed/prg/java/edgrind/src/edgrind/sketch/SpindownSketch4.java
/home/ed/prg/java/edgrind/src/edgrind/sketch/W1A1CmfSketch.java
/home/ed/prg/java/edgrind/src/edgrind/sketch/WheelAdapterSketch.java
/home/ed/prg/java/edgrind/src/edgrind/sketch/HPS20Sketch.java
/home/ed/prg/java/edgrind/src/edgrind/sketch/W1A1Sketch.java
/home/ed/prg/java/edgrind/src/edgrind/sketch/DimLabel.java
/home/ed/prg/java/edgrind/src/edgrind/sketch/SpindownSketch3.java
/home/ed/prg/java/edgrind/src/edgrind/sketch/ColletSketch.java
/home/ed/prg/java/edgrind/src/edgrind/sketch/LinearDim.java
/home/ed/prg/java/edgrind/src/edgrind/sketch/WheelSketch.java
/home/ed/prg/java/edgrind/src/edgrind/sketch/W11V9Sketch.java
/home/ed/prg/java/edgrind/src/edgrind/sketch/NeckdownSketch.java
/home/ed/prg/java/edgrind/src/edgrind/sketch/Sketch.java
/home/ed/prg/java/edgrind/src/edgrind/sketch/DimArrow.java
/home/ed/prg/java/edgrind/src/edgrind/sketch/StepSpinSketch.java
/home/ed/prg/java/edgrind/src/edgrind/sketch/SpindownSketch2.java
/home/ed/prg/java/edgrind/src/edgrind/sketch/SpindownSketch5.java
/home/ed/prg/java/edgrind/src/edgrind/sketch/AngleDim.java
/home/ed/prg/java/edgrind/src/edgrind/sketch/RadiusDim.java
/home/ed/prg/java/edgrind/src/edgrind/sketch/DblChmfToolSketch.java
/home/ed/prg/java/edgrind/src/edgrind/geom/Rect2.java
/home/ed/prg/java/edgrind/src/edgrind/geom/package-info.java
/home/ed/prg/java/edgrind/src/edgrind/geom/Line2.java
/home/ed/prg/java/edgrind/src/edgrind/geom/Vec4.java
/home/ed/prg/java/edgrind/src/edgrind/geom/Mat3.java
/home/ed/prg/java/edgrind/src/edgrind/geom/ObjModel.java
/home/ed/prg/java/edgrind/src/edgrind/geom/ArcDirection.java
/home/ed/prg/java/edgrind/src/edgrind/geom/Algo.java
/home/ed/prg/java/edgrind/src/edgrind/geom/Model.java
/home/ed/prg/java/edgrind/src/edgrind/geom/AABBox.java
/home/ed/prg/java/edgrind/src/edgrind/geom/AlgoEnum.java
/home/ed/prg/java/edgrind/src/edgrind/geom/Arc2.java
/home/ed/prg/java/edgrind/src/edgrind/geom/Mat4.java
/home/ed/prg/java/edgrind/src/edgrind/geom/Tri3.java
/home/ed/prg/java/edgrind/src/edgrind/geom/Mesh.java
/home/ed/prg/java/edgrind/src/edgrind/geom/Eps.java
/home/ed/prg/java/edgrind/src/edgrind/geom/Vec2.java
/home/ed/prg/java/edgrind/src/edgrind/geom/Vec3.java
/home/ed/prg/java/edgrind/src/edgrind/geom/Path2.java
/home/ed/prg/java/edgrind/src/edgrind/Grinder.java
/home/ed/prg/java/edgrind/src/edgrind/CoolantValvesPanel.java
/home/ed/prg/java/edgrind/src/edgrind/FloatEdit.java
/home/ed/prg/java/edgrind/src/edgrind/Config.java
/home/ed/prg/java/edgrind/src/edgrind/ProbePanel.java
/home/ed/prg/java/edgrind/src/edgrind/SpindlePanel.java
/home/ed/prg/java/edgrind/src/edgrind/WheelAdapter.java
/home/ed/prg/java/edgrind/src/edgrind/ChuckType.java
/home/ed/prg/java/edgrind/src/edgrind/SimView.java
/home/ed/prg/java/edgrind/src/edgrind/ColletType.java
/home/ed/prg/java/edgrind/src/edgrind/expert/package-info.java
/home/ed/prg/java/edgrind/src/edgrind/expert/EMDString.java
/home/ed/prg/java/edgrind/src/edgrind/expert/EMDBool.java
/home/ed/prg/java/edgrind/src/edgrind/expert/EMData.java
/home/ed/prg/java/edgrind/src/edgrind/expert/EMDChoice.java
/home/ed/prg/java/edgrind/src/edgrind/expert/EMDFloat.java
/home/ed/prg/java/edgrind/src/edgrind/expert/EMDataHandler.java
/home/ed/prg/java/edgrind/src/edgrind/expert/EMDataReader.java
/home/ed/prg/java/edgrind/src/edgrind/expert/EMProgram.java
/home/ed/prg/java/edgrind/src/edgrind/expert/EMDInt.java
/home/ed/prg/java/edgrind/src/edgrind/WeldonFlatPanel.java
/home/ed/prg/java/edgrind/src/edgrind/SpindownPanel.java
/home/ed/prg/java/edgrind/src/edgrind/WheelPackPanel.java
/home/ed/prg/java/edgrind/src/edgrind/GrindPanel.java
/home/ed/prg/java/edgrind/src/edgrind/WheelsPanel.java
/home/ed/prg/java/edgrind/src/edgrind/WheelType.java
